src/apps/audio-transcriber/components/icons.tsx(1,1): error TS6133: 'React' is declared but its value is never read.
